// Vitest Snapshot v1, https://vitest.dev/guide/snapshot.html

exports[`ComparisonPage > three conglomerates compare on one chart with a full stats grid (snapshot) 1`] = `
<table
  aria-label="Conglomerate comparison statistics"
  class="bt-table"
  style="min-width: 36rem;"
>
  <thead>
    <tr>
      <th
        scope="col"
      >
        Metric
      </th>
      <th
        class="is-num"
        scope="col"
        style="background: var(--bt-blue-soft);"
      >
        <span
          class="inline-flex items-center justify-end gap-1.5"
        >
          <span
            aria-hidden="true"
            class="bt-dot"
            style="background: rgb(56, 189, 248);"
          />
          <span
            class="bt-soft"
          >
            Alpha
          </span>
        </span>
        <label
          class="bt-meta mt-1 flex items-center justify-end gap-1"
        >
          <input
            aria-label="Use Alpha as the baseline"
            checked=""
            class="size-3"
            name="comparison-baseline"
            style="accent-color: var(--bt-gold);"
            type="radio"
          />
          Baseline
        </label>
      </th>
      <th
        class="is-num"
        scope="col"
      >
        <span
          class="inline-flex items-center justify-end gap-1.5"
        >
          <span
            aria-hidden="true"
            class="bt-dot"
            style="background: rgb(57, 135, 229);"
          />
          <span
            class="bt-soft"
          >
            Beta
          </span>
        </span>
        <label
          class="bt-meta mt-1 flex items-center justify-end gap-1"
        >
          <input
            aria-label="Use Beta as the baseline"
            class="size-3"
            name="comparison-baseline"
            style="accent-color: var(--bt-gold);"
            type="radio"
          />
          Baseline
        </label>
      </th>
      <th
        class="is-num"
        scope="col"
      >
        <span
          class="inline-flex items-center justify-end gap-1.5"
        >
          <span
            aria-hidden="true"
            class="bt-dot"
            style="background: rgb(217, 89, 38);"
          />
          <span
            class="bt-soft"
          >
            Gamma
          </span>
        </span>
        <label
          class="bt-meta mt-1 flex items-center justify-end gap-1"
        >
          <input
            aria-label="Use Gamma as the baseline"
            class="size-3"
            name="comparison-baseline"
            style="accent-color: var(--bt-gold);"
            type="radio"
          />
          Baseline
        </label>
      </th>
    </tr>
  </thead>
  <tbody>
    <tr>
      <th
        scope="row"
      >
        Total return
      </th>
      <td
        class="is-num"
        style="background: var(--bt-blue-soft);"
      >
        +10,00 %
      </td>
      <td
        class="is-num"
      >
        +25,00 %
        <span
          class="bt-meta block"
        >
          +15,00 %
        </span>
      </td>
      <td
        class="is-num"
      >
        +5,00 %
        <span
          class="bt-meta block"
        >
          -5,00 %
        </span>
      </td>
    </tr>
    <tr>
      <th
        scope="row"
      >
        CAGR
      </th>
      <td
        class="is-num"
        style="background: var(--bt-blue-soft);"
      >
        +8,00 %
      </td>
      <td
        class="is-num"
      >
        +15,00 %
        <span
          class="bt-meta block"
        >
          +7,00 %
        </span>
      </td>
      <td
        class="is-num"
      >
        +4,00 %
        <span
          class="bt-meta block"
        >
          -4,00 %
        </span>
      </td>
    </tr>
    <tr>
      <th
        scope="row"
      >
        Max drawdown
      </th>
      <td
        class="is-num"
        style="background: var(--bt-blue-soft);"
      >
        -5,00 %
      </td>
      <td
        class="is-num"
      >
        -9,00 %
        <span
          class="bt-meta block"
        >
          -4,00 %
        </span>
      </td>
      <td
        class="is-num"
      >
        -3,00 %
        <span
          class="bt-meta block"
        >
          +2,00 %
        </span>
      </td>
    </tr>
    <tr>
      <th
        scope="row"
      >
        Volatility (ann.)
      </th>
      <td
        class="is-num"
        style="background: var(--bt-blue-soft);"
      >
        12,00 %
      </td>
      <td
        class="is-num"
      >
        18,00 %
        <span
          class="bt-meta block"
        >
          +6,00 %
        </span>
      </td>
      <td
        class="is-num"
      >
        9,00 %
        <span
          class="bt-meta block"
        >
          -3,00 %
        </span>
      </td>
    </tr>
    <tr>
      <th
        scope="row"
      >
        Best day
      </th>
      <td
        class="is-num"
        style="background: var(--bt-blue-soft);"
      >
        +3,00 %
        <span
          class="bt-meta block"
        >
          01.03.2022
        </span>
      </td>
      <td
        class="is-num"
      >
        +5,00 %
        <span
          class="bt-meta block"
        >
          01.03.2022
        </span>
        <span
          class="bt-meta block"
        >
          +2,00 %
        </span>
      </td>
      <td
        class="is-num"
      >
        +2,00 %
        <span
          class="bt-meta block"
        >
          01.03.2022
        </span>
        <span
          class="bt-meta block"
        >
          -1,00 %
        </span>
      </td>
    </tr>
    <tr>
      <th
        scope="row"
      >
        Worst day
      </th>
      <td
        class="is-num"
        style="background: var(--bt-blue-soft);"
      >
        -4,00 %
        <span
          class="bt-meta block"
        >
          02.03.2022
        </span>
      </td>
      <td
        class="is-num"
      >
        -7,00 %
        <span
          class="bt-meta block"
        >
          02.03.2022
        </span>
        <span
          class="bt-meta block"
        >
          -3,00 %
        </span>
      </td>
      <td
        class="is-num"
      >
        -2,00 %
        <span
          class="bt-meta block"
        >
          02.03.2022
        </span>
        <span
          class="bt-meta block"
        >
          +2,00 %
        </span>
      </td>
    </tr>
  </tbody>
</table>
`;
