// Vitest Snapshot v1, https://vitest.dev/guide/snapshot.html

exports[`ComparisonPage > three blueprints compare on one chart with a full stats grid (snapshot) 1`] = `
<table
  aria-label="Blueprint comparison statistics"
  class="bt-table"
  style="min-width: 36rem;"
>
  <thead>
    <tr>
      <th
        scope="col"
      >
        Metric
      </th>
      <th
        class="is-num"
        scope="col"
        style="background: var(--bt-blue-soft);"
      >
        <span
          class="inline-flex items-center justify-end gap-1.5"
        >
          <span
            aria-hidden="true"
            class="bt-dot"
            style="background: var(--bt-chart-main);"
          />
          <span
            class="bt-soft"
          >
            Alpha
          </span>
        </span>
        <label
          class="bt-meta mt-1 flex items-center justify-end gap-1"
        >
          <input
            aria-label="Use Alpha as the baseline"
            checked=""
            class="size-3"
            name="comparison-baseline"
            style="accent-color: var(--bt-gold-graphic);"
            type="radio"
          />
          Baseline
        </label>
      </th>
      <th
        class="is-num"
        scope="col"
      >
        <span
          class="inline-flex items-center justify-end gap-1.5"
        >
          <span
            aria-hidden="true"
            class="bt-dot"
            style="background: var(--bt-chart-1);"
          />
          <span
            class="bt-soft"
          >
            Beta
          </span>
        </span>
        <label
          class="bt-meta mt-1 flex items-center justify-end gap-1"
        >
          <input
            aria-label="Use Beta as the baseline"
            class="size-3"
            name="comparison-baseline"
            style="accent-color: var(--bt-gold-graphic);"
            type="radio"
          />
          Baseline
        </label>
      </th>
      <th
        class="is-num"
        scope="col"
      >
        <span
          class="inline-flex items-center justify-end gap-1.5"
        >
          <span
            aria-hidden="true"
            class="bt-dot"
            style="background: var(--bt-chart-2);"
          />
          <span
            class="bt-soft"
          >
            Gamma
          </span>
        </span>
        <label
          class="bt-meta mt-1 flex items-center justify-end gap-1"
        >
          <input
            aria-label="Use Gamma as the baseline"
            class="size-3"
            name="comparison-baseline"
            style="accent-color: var(--bt-gold-graphic);"
            type="radio"
          />
          Baseline
        </label>
      </th>
    </tr>
  </thead>
  <tbody>
    <tr>
      <th
        scope="row"
      >
        Total return
      </th>
      <td
        class="is-num"
        style="background: var(--bt-blue-soft);"
      >
        <span
          class="bt-pos"
        >
          +10,00 %
        </span>
      </td>
      <td
        class="is-num"
      >
        <span
          class="bt-pos"
        >
          +25,00 %
        </span>
        <span
          class="bt-meta block bt-pos"
        >
          +15,00 %
        </span>
      </td>
      <td
        class="is-num"
      >
        <span
          class="bt-pos"
        >
          +5,00 %
        </span>
        <span
          class="bt-meta block bt-neg"
        >
          -5,00 %
        </span>
      </td>
    </tr>
    <tr>
      <th
        scope="row"
      >
        CAGR
      </th>
      <td
        class="is-num"
        style="background: var(--bt-blue-soft);"
      >
        <span
          class="bt-pos"
        >
          +8,00 %
        </span>
      </td>
      <td
        class="is-num"
      >
        <span
          class="bt-pos"
        >
          +15,00 %
        </span>
        <span
          class="bt-meta block bt-pos"
        >
          +7,00 %
        </span>
      </td>
      <td
        class="is-num"
      >
        <span
          class="bt-pos"
        >
          +4,00 %
        </span>
        <span
          class="bt-meta block bt-neg"
        >
          -4,00 %
        </span>
      </td>
    </tr>
    <tr>
      <th
        scope="row"
      >
        Max drawdown
      </th>
      <td
        class="is-num"
        style="background: var(--bt-blue-soft);"
      >
        <span
          class="bt-neg"
        >
          -5,00 %
        </span>
      </td>
      <td
        class="is-num"
      >
        <span
          class="bt-neg"
        >
          -9,00 %
        </span>
        <span
          class="bt-meta block bt-neg"
        >
          -4,00 %
        </span>
      </td>
      <td
        class="is-num"
      >
        <span
          class="bt-neg"
        >
          -3,00 %
        </span>
        <span
          class="bt-meta block bt-pos"
        >
          +2,00 %
        </span>
      </td>
    </tr>
    <tr>
      <th
        scope="row"
      >
        Volatility (ann.)
      </th>
      <td
        class="is-num"
        style="background: var(--bt-blue-soft);"
      >
        <span>
          12,00 %
        </span>
      </td>
      <td
        class="is-num"
      >
        <span>
          18,00 %
        </span>
        <span
          class="bt-meta block"
        >
          +6,00 %
        </span>
      </td>
      <td
        class="is-num"
      >
        <span>
          9,00 %
        </span>
        <span
          class="bt-meta block"
        >
          -3,00 %
        </span>
      </td>
    </tr>
    <tr>
      <th
        scope="row"
      >
        Best day
      </th>
      <td
        class="is-num"
        style="background: var(--bt-blue-soft);"
      >
        <span
          class="bt-pos"
        >
          +3,00 %
        </span>
        <span
          class="bt-meta block"
        >
          01.03.2022
        </span>
      </td>
      <td
        class="is-num"
      >
        <span
          class="bt-pos"
        >
          +5,00 %
        </span>
        <span
          class="bt-meta block"
        >
          01.03.2022
        </span>
        <span
          class="bt-meta block bt-pos"
        >
          +2,00 %
        </span>
      </td>
      <td
        class="is-num"
      >
        <span
          class="bt-pos"
        >
          +2,00 %
        </span>
        <span
          class="bt-meta block"
        >
          01.03.2022
        </span>
        <span
          class="bt-meta block bt-neg"
        >
          -1,00 %
        </span>
      </td>
    </tr>
    <tr>
      <th
        scope="row"
      >
        Worst day
      </th>
      <td
        class="is-num"
        style="background: var(--bt-blue-soft);"
      >
        <span
          class="bt-neg"
        >
          -4,00 %
        </span>
        <span
          class="bt-meta block"
        >
          02.03.2022
        </span>
      </td>
      <td
        class="is-num"
      >
        <span
          class="bt-neg"
        >
          -7,00 %
        </span>
        <span
          class="bt-meta block"
        >
          02.03.2022
        </span>
        <span
          class="bt-meta block bt-neg"
        >
          -3,00 %
        </span>
      </td>
      <td
        class="is-num"
      >
        <span
          class="bt-neg"
        >
          -2,00 %
        </span>
        <span
          class="bt-meta block"
        >
          02.03.2022
        </span>
        <span
          class="bt-meta block bt-pos"
        >
          +2,00 %
        </span>
      </td>
    </tr>
  </tbody>
</table>
`;
